Test run for C:\Projects\clio-generation-queue-probe\experiments\GenerationQueue\Tests\bin\Release\net10.0\Tests.dll (.NETCoreApp,Version=v10.0)
A total of 1 test files matched the specified pattern.
  Failed Two_targets_overlap_and_both_drain_before_shared_replacement [382 ms]
  Error Message:
   Expected Find(overlap, "b-running").GetProperty("Owns").GetBoolean() to be True because B must be dispatched while A is explicitly held; global serialization invalidates the concurrency claim, but found False.
  Stack Trace:
     at FluentAssertions.Execution.LateBoundTestFramework.Throw(String message)
   at FluentAssertions.Execution.TestFrameworkProvider.Throw(String message)
   at FluentAssertions.Execution.DefaultAssertionStrategy.HandleFailure(String message)
   at FluentAssertions.Execution.AssertionScope.FailWith(Func`1 failReasonFunc)
   at FluentAssertions.Execution.AssertionScope.FailWith(Func`1 failReasonFunc)
   at FluentAssertions.Execution.AssertionScope.FailWith(String message, Object[] args)
   at FluentAssertions.Primitives.BooleanAssertions`1.BeTrue(String because, Object[] becauseArgs)
   at GenerationQueue.Tests.QueueTests.Two_targets_overlap_and_both_drain_before_shared_replacement() in C:\Projects\clio-generation-queue-probe\experiments\GenerationQueue\Tests\MultiEnvironmentTests.cs:line 17
   at NUnit.Framework.Internal.TaskAwaitAdapter.GenericAdapter`1.BlockUntilCompleted()
   at NUnit.Framework.Internal.MessagePumpStrategy.NoMessagePumpStrategy.WaitForCompletion(AwaitAdapter awaiter)
   at NUnit.Framework.Internal.AsyncToSyncAdapter.Await[TResult](TestExecutionContext context, Func`1 invoke)
   at NUnit.Framework.Internal.AsyncToSyncAdapter.Await(TestExecutionContext context, Func`1 invoke)
   at NUnit.Framework.Internal.Commands.TestMethodCommand.RunTestMethod(TestExecutionContext context)
   at NUnit.Framework.Internal.Commands.TestMethodCommand.Execute(TestExecutionContext context)
   at NUnit.Framework.Internal.Commands.BeforeAndAfterTestCommand.<>c__DisplayClass1_0.<Execute>b__0()
   at NUnit.Framework.Internal.Commands.DelegatingTestCommand.RunTestMethodInThreadAbortSafeZone(TestExecutionContext context, Action action)


Results File: C:\Projects\clio-generation-queue-probe\experiments\GenerationQueue\evidence\20260922T123800858Z\serialize-targets.trx

Failed!  - Failed:     1, Passed:     0, Skipped:     0, Total:     1, Duration: 382 ms - Tests.dll (net10.0)
